[0.006s][info][gc] Using Serial
[2.661s][info][gc] GC(0) Pause Young (Allocation Failure) 5M->2M(19M) 4.830ms
[2.742s][info][gc] GC(1) Pause Young (Allocation Failure) 7M->3M(19M) 3.554ms
[2.792s][info][gc] GC(2) Pause Young (Allocation Failure) 8M->3M(19M) 1.161ms
[3.080s][info][gc] GC(3) Pause Young (Allocation Failure) 8M->4M(19M) 2.892ms
[31.122s][info][gc] GC(4) Pause Young (Allocation Failure) 9M->4M(19M) 3.037ms
[31.137s][info][gc] GC(5) Pause Young (Allocation Failure) 10M->4M(19M) 0.707ms
[31.149s][info][gc] GC(6) Pause Young (Allocation Failure) 10M->4M(19M) 0.671ms
[31.160s][info][gc] GC(7) Pause Young (Allocation Failure) 10M->4M(19M) 0.680ms
[31.167s][info][gc] GC(8) Pause Young (Allocation Failure) 10M->4M(19M) 0.653ms
[31.175s][info][gc] GC(9) Pause Young (Allocation Failure) 10M->4M(19M) 0.640ms
[56.146s][info][gc] GC(10) Pause Young (Allocation Failure) 10M->4M(19M) 1.035ms
[92.492s][info][gc] GC(11) Pause Young (Allocation Failure) 10M->4M(19M) 1.049ms
[92.498s][info][gc] GC(12) Pause Young (Allocation Failure) 10M->4M(19M) 1.052ms
[92.503s][info][gc] GC(13) Pause Young (Allocation Failure) 10M->4M(19M) 0.834ms
[92.508s][info][gc] GC(14) Pause Young (Allocation Failure) 10M->4M(19M) 0.940ms
[92.513s][info][gc] GC(15) Pause Young (Allocation Failure) 10M->4M(19M) 1.008ms
[92.517s][info][gc] GC(16) Pause Young (Allocation Failure) 10M->4M(19M) 0.797ms
[131.175s][info][gc] GC(17) Pause Young (Allocation Failure) 10M->4M(19M) 1.027ms
