[0.010s][info][gc] Using The Z Garbage Collector
[0.231s][info][gc] GC(0) Garbage Collection (Warmup) 4M(17%)->4M(17%)
[1.126s][info][gc] GC(1) Garbage Collection (Warmup) 6M(25%)->6M(25%)
[4.939s][info][gc] GC(2) Garbage Collection (Warmup) 12M(50%)->8M(33%)
[5.035s][info][gc] GC(3) Garbage Collection (Allocation Rate) 16M(67%)->6M(25%)
[5.241s][info][gc] GC(4) Garbage Collection (Allocation Rate) 10M(42%)->8M(33%)
[5.336s][info][gc] GC(5) Garbage Collection (Allocation Rate) 10M(42%)->8M(33%)
[5.447s][info][gc] GC(6) Garbage Collection (Allocation Rate) 10M(42%)->8M(33%)
[5.550s][info][gc] GC(7) Garbage Collection (Allocation Rate) 8M(33%)->8M(33%)
[5.647s][info][gc] GC(8) Garbage Collection (Allocation Rate) 8M(33%)->8M(33%)
[5.739s][info][gc] GC(9) Garbage Collection (Allocation Rate) 8M(33%)->8M(33%)
[22.452s][info][gc] GC(10) Garbage Collection (Proactive) 12M(50%)->8M(33%)
[35.337s][info][gc] GC(11) Garbage Collection (Proactive) 12M(50%)->6M(25%)
[44.434s][info][gc] GC(12) Garbage Collection (Proactive) 10M(42%)->6M(25%)
[49.442s][info][gc] GC(13) Garbage Collection (Proactive) 10M(42%)->10M(42%)
[58.741s][info][gc] Allocation Stall (main) 2.698ms
[58.741s][info][gc] GC(14) Garbage Collection (Allocation Rate) 20M(83%)->18M(75%)
[58.762s][info][gc] Allocation Stall (main) 13.480ms
[58.763s][info][gc] GC(15) Garbage Collection (Allocation Stall) 24M(100%)->14M(58%)
[58.784s][info][gc] Allocation Stall (main) 12.362ms
[58.784s][info][gc] GC(16) Garbage Collection (Allocation Stall) 24M(100%)->16M(67%)
[58.836s][info][gc] GC(17) Garbage Collection (Allocation Rate) 18M(75%)->8M(33%)
[58.930s][info][gc] GC(18) Garbage Collection (Allocation Rate) 8M(33%)->8M(33%)
[59.036s][info][gc] GC(19) Garbage Collection (Allocation Rate) 8M(33%)->8M(33%)
[59.132s][info][gc] GC(20) Garbage Collection (Allocation Rate) 8M(33%)->8M(33%)
[59.240s][info][gc] GC(21) Garbage Collection (Allocation Rate) 8M(33%)->8M(33%)
[59.339s][info][gc] GC(22) Garbage Collection (Allocation Rate) 8M(33%)->8M(33%)
[59.447s][info][gc] GC(23) Garbage Collection (Allocation Rate) 10M(42%)->10M(42%)
[59.539s][info][gc] GC(24) Garbage Collection (Allocation Rate) 10M(42%)->10M(42%)
[59.931s][info][gc] GC(25) Garbage Collection (Allocation Rate) 10M(42%)->10M(42%)
[60.046s][info][gc] GC(26) Garbage Collection (Allocation Rate) 10M(42%)->10M(42%)
[60.133s][info][gc] GC(27) Garbage Collection (Allocation Rate) 10M(42%)->10M(42%)
[60.240s][info][gc] GC(28) Garbage Collection (Allocation Rate) 10M(42%)->10M(42%)
[60.353s][info][gc] GC(29) Garbage Collection (Allocation Rate) 10M(42%)->10M(42%)
[60.441s][info][gc] GC(30) Garbage Collection (Allocation Rate) 12M(50%)->10M(42%)
[60.538s][info][gc] GC(31) Garbage Collection (Allocation Rate) 10M(42%)->10M(42%)
[72.444s][info][gc] GC(32) Garbage Collection (Proactive) 14M(58%)->10M(42%)
[73.643s][info][gc] GC(33) Garbage Collection (Proactive) 14M(58%)->12M(50%)
[87.441s][info][gc] GC(34) Garbage Collection (Proactive) 16M(67%)->12M(50%)
[101.542s][info][gc] GC(35) Garbage Collection (Proactive) 16M(67%)->12M(50%)
[115.528s][info][gc] GC(36) Garbage Collection (Proactive) 16M(67%)->12M(50%)
[129.540s][info][gc] GC(37) Garbage Collection (Proactive) 16M(67%)->12M(50%)
[142.531s][info][gc] GC(38) Garbage Collection (Proactive) 16M(67%)->12M(50%)
[159.443s][info][gc] GC(39) Garbage Collection (Proactive) 16M(67%)->12M(50%)
[173.541s][info][gc] GC(40) Garbage Collection (Proactive) 16M(67%)->10M(42%)
[186.231s][info][gc] GC(41) Garbage Collection (Proactive) 14M(58%)->12M(50%)
[201.538s][info][gc] GC(42) Garbage Collection (Proactive) 16M(67%)->10M(42%)
